pytest : C:\Users\pau
lo.beber\AppData\Loca
l\Programs\Python\Pyt
hon312\Lib\site-packa
ges\_pytest\config\__
init__.py:331: Pluggy
TeardownRaisedWarning
: A plugin raised an 
exception during an 
old-style 
hookwrapper teardown.
No linha:1 
caractere:1
+ pytest backend/test
s/api/v1/test_integra
tions.py 2> 
test_error.log
+ ~~~~~~~~~~~~~~~~~~~
~~~~~~~~~~~~~~~~~~~~~
~~~~~~~~~~~~~~~~~~~~~
~~~~~
    + CategoryInfo   
           : NotSpe  
  cified: (C:\User   
 s\paulo....apper    
 teardown.:Strin    
g) [], RemoteExc    
eption
    + FullyQualified 
   ErrorId : Native  
  CommandError
 
Plugin: helpconfig, 
Hook: 
pytest_cmdline_parse
ConftestImportFailure
: TypeError: Invalid 
argument(s) 'pool_siz
e','max_overflow' 
sent to 
create_engine(), 
using configuration S
QLiteDialect_aiosqlit
e/NullPool/Engine.  
Please check that 
the keyword 
arguments are 
appropriate for this 
combination of 
components. (from C:\
Users\paulo.beber\Des
ktop\MAI\PROJETO\back
end\tests\conftest.py
)
For more information 
see https://pluggy.re
adthedocs.io/en/stabl
e/api_reference.html#
pluggy.PluggyTeardown
RaisedWarning
  config = pluginmana
ger.hook.pytest_cmdli
ne_parse(
ImportError while 
loading conftest 'C:\
Users\paulo.beber\Des
ktop\MAI\PROJETO\back
end\tests\conftest.py
'.
backend\tests\conftes
t.py:9: in <module>
    from 
app.db.session 
import Base, get_db
backend\app\db\__init
__.py:2: in <module>
    from 
app.db.session 
import get_db, 
init_db, Base
backend\app\db\sessio
n.py:6: in <module>
    engine = 
create_async_engine(
..\..\..\AppData\Loca
l\Programs\Python\Pyt
hon312\Lib\site-packa
ges\sqlalchemy\ext\as
yncio\engine.py:117: 
in 
create_async_engine
    sync_engine = 
_create_engine(url, 
**kw)
..\..\..\AppData\Loca
l\Programs\Python\Pyt
hon312\Lib\site-packa
ges\sqlalchemy\util\d
eprecations.py:281: 
in warned
    return fn(*args, 
**kwargs)  # type: 
ignore[no-any-return]
..\..\..\AppData\Loca
l\Programs\Python\Pyt
hon312\Lib\site-packa
ges\sqlalchemy\engine
\create.py:688: in 
create_engine
    raise TypeError(
E   TypeError: 
Invalid argument(s) '
pool_size','max_overf
low' sent to 
create_engine(), 
using configuration S
QLiteDialect_aiosqlit
e/NullPool/Engine.  
Please check that 
the keyword 
arguments are 
appropriate for this 
combination of 
components.
